[backblue.gif]
[fade.gif]
[index.html]
[r.mobirisesite.com/2573110/assets/images/1-96x69.jpg]
[r.mobirisesite.com/2573110/assets/web/assets/mobirise-icons2/mobirise2e024.css]
[r.mobirisesite.com/2573110/assets/bootstrap/css/bootstrap.mine024.css]
[r.mobirisesite.com/2573110/assets/bootstrap/css/bootstrap-grid.minef0d.css]
[r.mobirisesite.com/2573110/assets/bootstrap/css/bootstrap-reboot.minef0d.css]
[r.mobirisesite.com/2573110/assets/dropdown/css/styleef0d.css]
[r.mobirisesite.com/2573110/assets/animatecss/animateef0d.css]
[r.mobirisesite.com/2573110/assets/socicon/css/stylesef0d.css]
[r.mobirisesite.com/2573110/assets/theme/css/styleef0d.css]
[r.mobirisesite.com/2573110/assets/css/mbr-additionalef0d.css]
[r.mobirisesite.com/2573110/assets/images/11-h_mo0rpo75.jpg]
[r.mobirisesite.com/2573110/assets/images/gallery0229ae.jpg]
[r.mobirisesite.com/2573110/assets/images/gallery03-h_mo1hw9lj.jpg]
[r.mobirisesite.com/2573110/assets/images/gallery0529ae.jpg]
[r.mobirisesite.com/2573110/assets/images/gallery0129ae.jpg]
[r.mobirisesite.com/2573110/assets/images/g940d49923199808856a529306ec8-h_mo0seucn.png]
[r.mobirisesite.com/2573110/assets/images/g5501782cea4661b3c814b50dfbcd-h_mo0s8u8u.jpg]
[r.mobirisesite.com/2573110/assets/images/gbc8ea96ee8fe38b171ff97539eea-h_mo0se3rb.jpg]
[r.mobirisesite.com/2573110/assets/web/assets/jquery/jquery.minef0d.js]
[r.mobirisesite.com/2573110/assets/bootstrap/js/bootstrap.bundle.minef0d.js]
[r.mobirisesite.com/2573110/assets/smoothscroll/smooth-scrollef0d.js]
[r.mobirisesite.com/2573110/assets/ytplayer/indexef0d.js]
[r.mobirisesite.com/2573110/assets/dropdown/js/navbar-dropdownef0d.js]
[r.mobirisesite.com/2573110/assets/theme/js/scriptef0d.js]
[cicfys.mobirisesite.com/index.html]
[r.mobirisesite.com/2573110/assets/formoid/formoid.minef0d.js]
[r.mobirisesite.com/2573110/assets/web/assets/mobirise-icons2/mobirise21e04.eot]
[r.mobirisesite.com/2573110/assets/web/assets/mobirise-icons2/mobirise21e04.woff2]
[r.mobirisesite.com/2573110/assets/web/assets/mobirise-icons2/mobirise21e04.woff]
[r.mobirisesite.com/2573110/assets/web/assets/mobirise-icons2/mobirise21e04.ttf]
[r.mobirisesite.com/2573110/assets/web/assets/mobirise-icons2/mobirise2e024.css]
[r.mobirisesite.com/2573110/assets/bootstrap/css/bootstrap.mine024.css]
[r.mobirisesite.com/2573110/assets/bootstrap/css/bootstrap-grid.minef0d.html]
[r.mobirisesite.com/2573110/assets/bootstrap/css/bootstrap-reboot.minef0d.html]
[r.mobirisesite.com/2573110/assets/dropdown/css/styleef0d.css]
[r.mobirisesite.com/2573110/assets/animatecss/animateef0d.css]
[r.mobirisesite.com/2573110/assets/socicon/css/stylesef0d.css]
[r.mobirisesite.com/2573110/assets/theme/css/styleef0d.css]
[r.mobirisesite.com/2573110/assets/css/mbr-additionalef0d.css]
[r.mobirisesite.com/2573110/assets/web/assets/jquery/jquery.minef0d.html]
[r.mobirisesite.com/2573110/assets/web/assets/mobirise-icons2/mobirise21e04.svg]
[r.mobirisesite.com/2573110/assets/web/assets/mobirise-icons2/mobirise21e04.svg]
